Z: 733.333    x0: 33.3333    x1: 66.6667    x2: 0
